[demo.themetorium.net/html/hektor/landing-page-3.html]
[backblue.gif]
[fade.gif]
[index.html]
[demo.themetorium.net/html/hektor/favicon.ico]
[demo.themetorium.net/html/hektor/assets/vendor/fontawesome/css/all.min.css]
[demo.themetorium.net/html/hektor/assets/vendor/fancybox/css/fancybox.css]
[demo.themetorium.net/html/hektor/assets/vendor/swiper/css/swiper-bundle.min.css]
[demo.themetorium.net/html/hektor/assets/css/helper.css]
[demo.themetorium.net/html/hektor/assets/css/elements.css]
[demo.themetorium.net/html/hektor/assets/css/theme.css]
[demo.themetorium.net/html/hektor/assets/css/theme-dark.css]
[demo.themetorium.net/html/hektor/assets/img/logo-light.png]
[demo.themetorium.net/html/hektor/index.html]
[demo.themetorium.net/html/hektor/assets/img/logo-dark.png]
[demo.themetorium.net/html/hektor/landing-page-1.html]
[demo.themetorium.net/html/hektor/landing-page-2.html]
[demo.themetorium.net/html/hektor/portfolio-grid.html]
[demo.themetorium.net/html/hektor/portfolio-grid-2-col.html]
[demo.themetorium.net/html/hektor/portfolio-grid-boxed.html]
[demo.themetorium.net/html/hektor/portfolio-grid-no-gap.html]
[demo.themetorium.net/html/hektor/portfolio-masonry.html]
[demo.themetorium.net/html/hektor/portfolio-masonry-boxed.html]
[demo.themetorium.net/html/hektor/portfolio-list.html]
[demo.themetorium.net/html/hektor/portfolio-list-shifted.html]
[demo.themetorium.net/html/hektor/portfolio-list-boxed.html]
[demo.themetorium.net/html/hektor/portfolio-list-inline.html]
[demo.themetorium.net/html/hektor/portfolio-list-inline-shifted.html]
[demo.themetorium.net/html/hektor/portfolio-scrolling.html]
[demo.themetorium.net/html/hektor/portfolio-scrolling-tilted.html]
[demo.themetorium.net/html/hektor/portfolio-scrolling-boxed-tilted.html]
[demo.themetorium.net/html/hektor/portfolio-carousel.html]
[demo.themetorium.net/html/hektor/portfolio-carousel-boxed.html]
[demo.themetorium.net/html/hektor/portfolio-carousel-focused.html]
[demo.themetorium.net/html/hektor/portfolio-carousel-small.html]
[demo.themetorium.net/html/hektor/portfolio-slider-horizontal.html]
[demo.themetorium.net/html/hektor/portfolio-slider-vertical.html]
[demo.themetorium.net/html/hektor/single-project-1.html]
[demo.themetorium.net/html/hektor/single-project-2.html]
[demo.themetorium.net/html/hektor/single-project-3.html]
[demo.themetorium.net/html/hektor/single-project-4.html]
[demo.themetorium.net/html/hektor/single-project-5.html]
[demo.themetorium.net/html/hektor/single-project-6.html]
[demo.themetorium.net/html/hektor/single-project-7.html]
[demo.themetorium.net/html/hektor/single-project-8.html]
[demo.themetorium.net/html/hektor/single-project-9.html]
[demo.themetorium.net/html/hektor/portfolio-category.html]
[demo.themetorium.net/html/hektor/about-us.html]
[demo.themetorium.net/html/hektor/about-us-2.html]
[demo.themetorium.net/html/hektor/about-me.html]
[demo.themetorium.net/html/hektor/about-me-2.html]
[demo.themetorium.net/html/hektor/blog.html]
[demo.themetorium.net/html/hektor/blog-compact.html]
[demo.themetorium.net/html/hektor/blog-post.html]
[demo.themetorium.net/html/hektor/blog-sidebar.html]
[demo.themetorium.net/html/hektor/blog-post-sidebar.html]
[demo.themetorium.net/html/hektor/blog-archive.html]
[demo.themetorium.net/html/hektor/contact.html]
[demo.themetorium.net/html/hektor/contact-simple.html]
[demo.themetorium.net/html/hektor/services.html]
[demo.themetorium.net/html/hektor/services-2.html]
[demo.themetorium.net/html/hektor/pricing.html]
[demo.themetorium.net/html/hektor/testimonials.html]
[demo.themetorium.net/html/hektor/dummy.html]
[demo.themetorium.net/html/hektor/dummy-2.html]
[demo.themetorium.net/html/hektor/dummy-3.html]
[demo.themetorium.net/html/hektor/faq.html]
[demo.themetorium.net/html/hektor/404.html]
[demo.themetorium.net/html/hektor/elements-buttons.html]
[demo.themetorium.net/html/hektor/elements.html]
[demo.themetorium.net/html/hektor/elements-forms.html]
[demo.themetorium.net/html/hektor/elements-media.html]
[demo.themetorium.net/html/hektor/elements-typography.html]
[demo.themetorium.net/html/hektor/assets/img/img-trail/img-trail-1-600.png]
[demo.themetorium.net/html/hektor/assets/img/img-trail/img-trail-2-600.png]
[demo.themetorium.net/html/hektor/assets/img/img-trail/img-trail-3-600.png]
[demo.themetorium.net/html/hektor/assets/img/img-trail/img-trail-4-600.png]
[demo.themetorium.net/html/hektor/assets/img/img-trail/img-trail-5-600.png]
[demo.themetorium.net/html/hektor/assets/img/img-trail/img-trail-6-600.png]
[demo.themetorium.net/html/hektor/assets/img/img-trail/img-trail-7-600.png]
[demo.themetorium.net/html/hektor/assets/img/img-trail/img-trail-8-600.png]
[demo.themetorium.net/html/hektor/assets/img/img-trail/img-trail-9-600.png]
[demo.themetorium.net/html/hektor/assets/img/img-trail/img-trail-10-600.png]
[demo.themetorium.net/html/hektor/assets/img/portfolio/1200/portfolio-1-1200.jpg]
[demo.themetorium.net/html/hektor/assets/img/portfolio/1200/portfolio-2-1200.jpg]
[demo.themetorium.net/html/hektor/assets/vids/video-1/video-1.jpg]
[demo.themetorium.net/html/hektor/assets/vids/placeholder.mp4]
[demo.themetorium.net/html/hektor/assets/vids/placeholder.webm]
[demo.themetorium.net/html/hektor/assets/img/portfolio/1200/portfolio-4-1200.jpg]
[demo.themetorium.net/html/hektor/assets/img/portfolio/1200/portfolio-5-1200.jpg]
[demo.themetorium.net/html/hektor/assets/vids/video-showreel/video-showreel.mp4]
[demo.themetorium.net/html/hektor/assets/vids/video-showreel/video-showreel.jpg]
[demo.themetorium.net/html/hektor/assets/vendor/jquery/jquery.min.js]
[demo.themetorium.net/html/hektor/assets/vendor/gsap/gsap.min.js]
[demo.themetorium.net/html/hektor/assets/vendor/gsap/ScrollSmoother.min.js]
[demo.themetorium.net/html/hektor/assets/vendor/gsap/ScrollToPlugin.min.js]
[demo.themetorium.net/html/hektor/assets/vendor/gsap/ScrollTrigger.min.js]
[demo.themetorium.net/html/hektor/assets/vendor/gsap/Flip.min.js]
[demo.themetorium.net/html/hektor/assets/vendor/gsap/SplitText.min.js]
[demo.themetorium.net/html/hektor/assets/vendor/fancybox/js/fancybox.umd.js]
[demo.themetorium.net/html/hektor/assets/js/elements.js]
[demo.themetorium.net/html/hektor/assets/vendor/swiper/js/swiper-bundle.min.js]
[demo.themetorium.net/html/hektor/landing-page-3.html]
[demo.themetorium.net/html/hektor/assets/js/theme.js]
[demo.themetorium.net/html/hektor/assets/vendor/fontawesome/webfonts/fa-brands-400.woff2]
[demo.themetorium.net/html/hektor/assets/vendor/fontawesome/webfonts/fa-regular-400.woff2]
[demo.themetorium.net/html/hektor/assets/vendor/fontawesome/webfonts/fa-regular-400.ttf]
[demo.themetorium.net/html/hektor/assets/vendor/fontawesome/webfonts/fa-solid-900.woff2]
[demo.themetorium.net/html/hektor/assets/vendor/fontawesome/webfonts/fa-v4compatibility.woff2]
[demo.themetorium.net/html/hektor/assets/vendor/fontawesome/webfonts/fa-brands-400.ttf]
[demo.themetorium.net/html/hektor/assets/vendor/fontawesome/css/all.min.css]
[demo.themetorium.net/html/hektor/assets/vendor/fontawesome/webfonts/fa-v4compatibility.ttf]
[demo.themetorium.net/html/hektor/assets/vendor/fancybox/css/fancybox.css]
[demo.themetorium.net/html/hektor/assets/vendor/swiper/css/swiper-bundle.min.css]
[demo.themetorium.net/html/hektor/assets/css/helper.css]
[demo.themetorium.net/html/hektor/assets/css/elements.css]
[demo.themetorium.net/html/hektor/assets/css/theme.css]
[demo.themetorium.net/html/hektor/assets/css/theme-dark.css]
[demo.themetorium.net/html/img/bg-pattern.html]
[demo.themetorium.net/html/hektor/assets/img/bg-pattern.png]
[demo.themetorium.net/html/hektor/assets/img/demo/ph-demo.webp]
[demo.themetorium.net/html/hektor/assets/img/demo/light/landing-page-1-light.webp]
[demo.themetorium.net/html/hektor/assets/img/demo/light/landing-page-2-light.webp]
[demo.themetorium.net/html/hektor/assets/img/demo/light/landing-page-3-light.webp]
[demo.themetorium.net/html/hektor/assets/vendor/fontawesome/webfonts/fa-solid-900.ttf]
[demo.themetorium.net/html/hektor/assets/img/demo/light/portfolio-grid-light.webp]
[demo.themetorium.net/html/hektor/assets/img/demo/light/portfolio-grid-2-col-light.webp]
[demo.themetorium.net/html/hektor/assets/img/demo/light/portfolio-grid-boxed-light.webp]
[demo.themetorium.net/html/hektor/assets/img/demo/light/portfolio-grid-no-gap-light.webp]
[demo.themetorium.net/html/hektor/assets/img/demo/light/portfolio-scrolling-light.webp]
[demo.themetorium.net/html/hektor/assets/img/demo/light/portfolio-scrolling-tilted-light.webp]
[demo.themetorium.net/html/hektor/assets/img/demo/light/portfolio-scrolling-boxed-tilted-light.webp]
[demo.themetorium.net/html/hektor/assets/img/demo/light/portfolio-masonry-light.webp]
[demo.themetorium.net/html/hektor/assets/img/demo/light/portfolio-masonry-boxed-light.webp]
[demo.themetorium.net/html/hektor/assets/img/demo/light/portfolio-carousel-light.webp]
[demo.themetorium.net/html/hektor/assets/img/demo/light/portfolio-carousel-boxed-light.webp]
[demo.themetorium.net/html/hektor/assets/img/demo/light/portfolio-carousel-focused-light.webp]
[demo.themetorium.net/html/hektor/assets/img/demo/light/portfolio-carousel-small-light.webp]
[demo.themetorium.net/html/hektor/assets/img/demo/light/portfolio-slider-horizontal-light.webp]
[demo.themetorium.net/html/hektor/assets/img/demo/light/portfolio-slider-vertical-light.webp]
[demo.themetorium.net/html/hektor/assets/img/demo/light/portfolio-list-light.webp]
[demo.themetorium.net/html/hektor/assets/img/demo/light/portfolio-list-shifted-light.webp]
[demo.themetorium.net/html/hektor/assets/img/demo/light/portfolio-list-boxed-light.webp]
[demo.themetorium.net/html/hektor/assets/img/demo/light/portfolio-list-inline-light.webp]
[demo.themetorium.net/html/hektor/assets/img/demo/light/portfolio-list-inline-shifted-light.webp]
[demo.themetorium.net/html/hektor/assets/img/demo/light/single-project-1-light.webp]
[demo.themetorium.net/html/hektor/assets/img/demo/light/single-project-2-light.webp]
[demo.themetorium.net/html/hektor/assets/img/demo/light/single-project-3-light.webp]
[demo.themetorium.net/html/hektor/assets/img/demo/light/single-project-4-light.webp]
[demo.themetorium.net/html/hektor/assets/img/demo/light/single-project-5-light.webp]
[demo.themetorium.net/html/hektor/assets/img/demo/light/single-project-6-light.webp]
[demo.themetorium.net/html/hektor/assets/img/demo/light/single-project-7-light.webp]
[demo.themetorium.net/html/hektor/assets/img/demo/light/single-project-8-light.webp]
[demo.themetorium.net/html/hektor/assets/img/demo/light/single-project-9-light.webp]
[demo.themetorium.net/html/hektor/assets/img/demo/light/blog-light.webp]
[demo.themetorium.net/html/hektor/assets/img/demo/light/blog-sidebar-light.webp]
[demo.themetorium.net/html/hektor/assets/img/demo/light/blog-compact-light.webp]
[demo.themetorium.net/html/hektor/assets/img/demo/light/blog-post-light.webp]
[demo.themetorium.net/html/hektor/assets/img/demo/light/blog-post-sidebar-light.webp]
[demo.themetorium.net/html/hektor/assets/img/demo/light/blog-archive-light.webp]
[demo.themetorium.net/html/hektor/assets/img/demo/light/about-us-light.webp]
[demo.themetorium.net/html/hektor/assets/img/demo/light/about-us-2-light.webp]
[demo.themetorium.net/html/hektor/assets/img/demo/light/about-me-light.webp]
[demo.themetorium.net/html/hektor/assets/img/demo/light/about-me-2-light.webp]
[demo.themetorium.net/html/hektor/assets/img/demo/light/services-light.webp]
[demo.themetorium.net/html/hektor/assets/img/demo/light/services-2-light.webp]
[demo.themetorium.net/html/hektor/assets/img/demo/light/contact-light.webp]
[demo.themetorium.net/html/hektor/assets/img/demo/light/contact-simple-light.webp]
[demo.themetorium.net/html/hektor/assets/img/demo/light/pricing-light.webp]
[demo.themetorium.net/html/hektor/assets/img/demo/light/testimonials-light.webp]
[demo.themetorium.net/html/hektor/assets/img/demo/light/faq-light.webp]
[demo.themetorium.net/html/hektor/assets/img/demo/light/dummy-light.webp]
[demo.themetorium.net/html/hektor/assets/img/demo/light/dummy-2-light.webp]
[demo.themetorium.net/html/hektor/assets/img/demo/light/dummy-3-light.webp]
[demo.themetorium.net/html/hektor/assets/img/demo/light/404-light.webp]
[demo.themetorium.net/html/hektor/assets/img/demo/light/elements-light.webp]
[demo.themetorium.net/html/hektor/assets/img/demo/light/elements-buttons-light.webp]
[demo.themetorium.net/html/hektor/assets/img/demo/light/elements-forms-light.webp]
[demo.themetorium.net/html/hektor/assets/img/demo/light/elements-media-light.webp]
[demo.themetorium.net/html/hektor/assets/img/demo/light/elements-typography-light.webp]
[demo.themetorium.net/html/hektor/index.html]
[demo.themetorium.net/html/hektor/assets/img/portfolio/400/portfolio-1-400.jpg]
[demo.themetorium.net/html/hektor/assets/img/portfolio/400/portfolio-2-400.jpg]
[demo.themetorium.net/html/hektor/assets/img/portfolio/400/portfolio-3-400.jpg]
[demo.themetorium.net/html/hektor/assets/img/portfolio/400/portfolio-4-400.jpg]
[demo.themetorium.net/html/hektor/assets/img/portfolio/400/portfolio-5-400.jpg]
[demo.themetorium.net/html/hektor/landing-page-1.html]
[demo.themetorium.net/html/hektor/assets/img/misc/text-img-8.gif]
[demo.themetorium.net/html/hektor/landing-page-2.html]
[demo.themetorium.net/html/hektor/assets/img/portfolio/800/portfolio-1-800.jpg]
[demo.themetorium.net/html/hektor/assets/img/portfolio/800/portfolio-2-800.jpg]
[demo.themetorium.net/html/hektor/assets/img/portfolio/800/portfolio-4-800.jpg]
[demo.themetorium.net/html/hektor/assets/img/portfolio/800/portfolio-5-800.jpg]
[demo.themetorium.net/html/hektor/assets/img/portfolio/800/portfolio-6-800.jpg]
[demo.themetorium.net/html/hektor/assets/img/portfolio/800/portfolio-7-800.jpg]
[demo.themetorium.net/html/hektor/assets/img/portfolio/800/portfolio-8-800.jpg]
[demo.themetorium.net/html/hektor/assets/img/portfolio/800/portfolio-9-800.jpg]
[demo.themetorium.net/html/hektor/portfolio-grid.html]
[demo.themetorium.net/html/hektor/assets/img/portfolio/1200/portfolio-6-1200.jpg]
[demo.themetorium.net/html/hektor/assets/img/portfolio/1200/portfolio-7-1200.jpg]
[demo.themetorium.net/html/hektor/assets/img/portfolio/1200/portfolio-8-1200.jpg]
[demo.themetorium.net/html/hektor/portfolio-grid-2-col.html]
[demo.themetorium.net/html/hektor/portfolio-grid-boxed.html]
[demo.themetorium.net/html/hektor/portfolio-grid-no-gap.html]
[demo.themetorium.net/html/hektor/assets/img/misc/text-img-3.gif]
[demo.themetorium.net/html/hektor/assets/img/misc/text-img-2.jpg]
[demo.themetorium.net/html/hektor/portfolio-masonry.html]
[demo.themetorium.net/html/hektor/portfolio-masonry-boxed.html]
[demo.themetorium.net/html/hektor/assets/img/portfolio/1200/portfolio-9-1200.jpg]
[demo.themetorium.net/html/hektor/portfolio-list.html]
[demo.themetorium.net/html/hektor/portfolio-list-shifted.html]
[demo.themetorium.net/html/hektor/portfolio-list-boxed.html]
[demo.themetorium.net/html/hektor/assets/img/portfolio/1200/portfolio-4-2-1200.jpg]
[demo.themetorium.net/html/hektor/portfolio-list-inline.html]
[demo.themetorium.net/html/hektor/portfolio-list-inline-shifted.html]
[demo.themetorium.net/html/hektor/assets/img/portfolio/400/portfolio-6-400.jpg]
[demo.themetorium.net/html/hektor/assets/img/portfolio/400/portfolio-7-400.jpg]
[demo.themetorium.net/html/hektor/assets/img/portfolio/400/portfolio-8-400.jpg]
[demo.themetorium.net/html/hektor/assets/img/portfolio/400/portfolio-9-400.jpg]
[demo.themetorium.net/html/hektor/portfolio-scrolling.html]
[demo.themetorium.net/html/hektor/portfolio-scrolling-tilted.html]
[demo.themetorium.net/html/hektor/portfolio-scrolling-boxed-tilted.html]
[demo.themetorium.net/html/hektor/portfolio-carousel.html]
[demo.themetorium.net/html/hektor/portfolio-carousel-boxed.html]
[demo.themetorium.net/html/hektor/portfolio-carousel-focused.html]
[demo.themetorium.net/html/hektor/portfolio-carousel-small.html]
[demo.themetorium.net/html/hektor/assets/img/portfolio/1920/portfolio-1-1920.jpg]
[demo.themetorium.net/html/hektor/assets/img/portfolio/1920/portfolio-2-1920.jpg]
[demo.themetorium.net/html/hektor/assets/img/portfolio/1920/portfolio-4-1920.jpg]
[demo.themetorium.net/html/hektor/assets/img/portfolio/1920/portfolio-5-1920.jpg]
[demo.themetorium.net/html/hektor/assets/img/portfolio/1920/portfolio-6-1920.jpg]
[demo.themetorium.net/html/hektor/assets/img/portfolio/1920/portfolio-7-1920.jpg]
[demo.themetorium.net/html/hektor/assets/img/portfolio/1920/portfolio-8-1920.jpg]
[demo.themetorium.net/html/hektor/assets/img/portfolio/1920/portfolio-9-1920.jpg]
[demo.themetorium.net/html/hektor/portfolio-slider-horizontal.html]
[demo.themetorium.net/html/hektor/portfolio-slider-vertical.html]
[demo.themetorium.net/html/hektor/assets/img/portfolio/single-project/project-1/1920/project-1-1-1920.jpg]
[demo.themetorium.net/html/hektor/assets/img/portfolio/single-project/project-1/1200/project-1-1-1200.jpg]
[demo.themetorium.net/html/hektor/assets/img/portfolio/single-project/project-1/1920/project-1-2-1920.jpg]
[demo.themetorium.net/html/hektor/assets/img/portfolio/single-project/project-1/1200/project-1-2-1200.jpg]
[demo.themetorium.net/html/hektor/assets/img/portfolio/single-project/project-1/1920/project-1-3-1920.jpg]
[demo.themetorium.net/html/hektor/assets/img/portfolio/single-project/project-1/1200/project-1-3-1200.jpg]
[demo.themetorium.net/html/hektor/assets/img/portfolio/single-project/project-1/1920/project-1-4-1920.jpg]
[demo.themetorium.net/html/hektor/assets/img/portfolio/single-project/project-1/1200/project-1-4-1200.jpg]
[demo.themetorium.net/html/hektor/assets/img/portfolio/single-project/project-1/1920/project-1-5-1920.jpg]
[demo.themetorium.net/html/hektor/assets/img/portfolio/single-project/project-1/1200/project-1-5-1200.jpg]
[demo.themetorium.net/html/hektor/single-project-1.html]
[demo.themetorium.net/html/hektor/assets/img/portfolio/single-project/project-2/1920/project-2-1-1920.jpg]
[demo.themetorium.net/html/hektor/assets/img/portfolio/single-project/project-2/1920/project-2-2-1920.jpg]
[demo.themetorium.net/html/hektor/assets/img/portfolio/single-project/project-2/1200/project-2-1-1200.jpg]
[demo.themetorium.net/html/hektor/assets/img/portfolio/single-project/project-2/1920/project-2-3-1920.jpg]
[demo.themetorium.net/html/hektor/assets/img/portfolio/single-project/project-2/1200/project-2-2-1200.jpg]
[demo.themetorium.net/html/hektor/assets/img/portfolio/single-project/project-2/1920/project-2-4-1920.jpg]
[demo.themetorium.net/html/hektor/assets/img/portfolio/single-project/project-2/1200/project-2-3-1200.jpg]
[demo.themetorium.net/html/hektor/assets/img/portfolio/800/portfolio-3-800.jpg]
[demo.themetorium.net/html/hektor/single-project-2.html]
[demo.themetorium.net/html/hektor/assets/img/portfolio/single-project/project-3/1920/project-3-1-1920.jpg]
[demo.themetorium.net/html/hektor/assets/img/portfolio/single-project/project-3/800/project-3-1-800.jpg]
[demo.themetorium.net/html/hektor/assets/img/portfolio/single-project/project-3/1920/project-3-2-1920.jpg]
[demo.themetorium.net/html/hektor/assets/img/portfolio/single-project/project-3/800/project-3-2-800.jpg]
[demo.themetorium.net/html/hektor/assets/img/portfolio/single-project/project-3/1920/project-3-3-1920.jpg]
[demo.themetorium.net/html/hektor/assets/img/portfolio/single-project/project-3/800/project-3-3-800.jpg]
[demo.themetorium.net/html/hektor/assets/img/portfolio/single-project/project-3/1920/project-3-4-1920.jpg]
[demo.themetorium.net/html/hektor/assets/img/portfolio/single-project/project-3/800/project-3-4-800.jpg]
[demo.themetorium.net/html/hektor/assets/vids/video-2/video-2.mp4]
[demo.themetorium.net/html/hektor/assets/vids/video-2/video-2.jpg]
[demo.themetorium.net/html/hektor/assets/img/portfolio/single-project/project-3/1920/project-3-5-1920.jpg]
[demo.themetorium.net/html/hektor/assets/img/portfolio/single-project/project-3/800/project-3-5-800.jpg]
[demo.themetorium.net/html/hektor/assets/img/portfolio/single-project/project-3/1920/project-3-6-1920.jpg]
[demo.themetorium.net/html/hektor/single-project-3.html]
[demo.themetorium.net/html/hektor/assets/img/portfolio/single-project/project-4/1920/project-4-1-1920.jpg]
[demo.themetorium.net/html/hektor/assets/img/portfolio/single-project/project-4/1920/project-4-2-1920.jpg]
[demo.themetorium.net/html/hektor/assets/img/portfolio/single-project/project-4/600/project-4-1-600.jpg]
[demo.themetorium.net/html/hektor/assets/img/portfolio/single-project/project-4/1920/project-4-3-1920.jpg]
[demo.themetorium.net/html/hektor/assets/img/portfolio/single-project/project-4/600/project-4-2-600.jpg]
[demo.themetorium.net/html/hektor/assets/img/portfolio/single-project/project-4/1920/project-4-4-1920.jpg]
[demo.themetorium.net/html/hektor/assets/img/portfolio/single-project/project-4/600/project-4-3-600.jpg]
[demo.themetorium.net/html/hektor/assets/img/portfolio/single-project/project-4/1920/project-4-5-1920.jpg]
[demo.themetorium.net/html/hektor/assets/img/portfolio/single-project/project-4/600/project-4-4-600.jpg]
[demo.themetorium.net/html/hektor/assets/img/portfolio/single-project/project-4/1920/project-4-6-1920.jpg]
[demo.themetorium.net/html/hektor/assets/img/portfolio/single-project/project-4/600/project-4-5-600.jpg]
[demo.themetorium.net/html/hektor/assets/img/portfolio/single-project/project-4/1920/project-4-7-1920.jpg]
[demo.themetorium.net/html/hektor/assets/img/portfolio/single-project/project-4/600/project-4-6-600.jpg]
[demo.themetorium.net/html/hektor/assets/img/portfolio/single-project/project-4/1920/project-4-8-1920.jpg]
[demo.themetorium.net/html/hektor/assets/img/portfolio/single-project/project-4/600/project-4-7-600.jpg]
[demo.themetorium.net/html/hektor/assets/img/portfolio/single-project/project-4/1920/project-4-9-1920.jpg]
[demo.themetorium.net/html/hektor/assets/img/portfolio/single-project/project-4/600/project-4-8-600.jpg]
[demo.themetorium.net/html/hektor/assets/img/portfolio/single-project/project-4/1920/project-4-11-1920.jpg]
[demo.themetorium.net/html/hektor/assets/img/portfolio/single-project/project-4/600/project-4-9-600.jpg]
[demo.themetorium.net/html/hektor/assets/img/portfolio/single-project/project-4/1920/project-4-10-1920.jpg]
[demo.themetorium.net/html/hektor/single-project-4.html]
[demo.themetorium.net/html/hektor/assets/img/portfolio/single-project/project-5/1920/project-5-1-1920.jpg]
[demo.themetorium.net/html/hektor/assets/img/portfolio/single-project/project-5/800/project-5-1-800.jpg]
[demo.themetorium.net/html/hektor/assets/img/portfolio/single-project/project-5/800/project-5-2-800.jpg]
[demo.themetorium.net/html/hektor/assets/img/portfolio/single-project/project-5/800/project-5-3-800.jpg]
[demo.themetorium.net/html/hektor/assets/img/portfolio/single-project/project-5/800/project-5-4-800.jpg]
[demo.themetorium.net/html/hektor/assets/img/portfolio/single-project/project-5/800/project-5-5-800.jpg]
[demo.themetorium.net/html/hektor/assets/img/portfolio/single-project/project-5/800/project-5-6-800.jpg]
[demo.themetorium.net/html/hektor/assets/img/portfolio/single-project/project-5/800/project-5-7-800.jpg]
[demo.themetorium.net/html/hektor/assets/img/portfolio/single-project/project-5/800/project-5-8-800.jpg]
[demo.themetorium.net/html/hektor/single-project-5.html]
[demo.themetorium.net/html/hektor/assets/img/portfolio/single-project/project-6/1920/project-6-1-1920.jpg]
[demo.themetorium.net/html/hektor/assets/img/portfolio/single-project/project-6/1200/project-6-1-1200.jpg]
[demo.themetorium.net/html/hektor/assets/img/portfolio/single-project/project-6/1200/project-6-2-1200.jpg]
[demo.themetorium.net/html/hektor/assets/img/portfolio/single-project/project-6/1200/project-6-3-1200.jpg]
[demo.themetorium.net/html/hektor/assets/img/portfolio/single-project/project-6/1200/project-6-4-1200.jpg]
[demo.themetorium.net/html/hektor/assets/img/portfolio/single-project/project-6/1200/project-6-5-1200.jpg]
[demo.themetorium.net/html/hektor/assets/img/portfolio/single-project/project-6/1200/project-6-6-1200.jpg]
[demo.themetorium.net/html/hektor/assets/img/portfolio/single-project/project-6/1920/project-6-2-1920.jpg]
[demo.themetorium.net/html/hektor/single-project-6.html]
[demo.themetorium.net/html/hektor/assets/img/portfolio/single-project/project-7/1920/project-7-1-1920.jpg]
[demo.themetorium.net/html/hektor/assets/img/portfolio/single-project/project-7/1920/project-7-2-1920.jpg]
[demo.themetorium.net/html/hektor/assets/img/portfolio/single-project/project-7/1200/project-7-1-1200.jpg]
[demo.themetorium.net/html/hektor/assets/img/portfolio/single-project/project-7/1920/project-7-3-1920.jpg]
[demo.themetorium.net/html/hektor/assets/img/portfolio/single-project/project-7/1200/project-7-2-1200.jpg]
[demo.themetorium.net/html/hektor/assets/img/portfolio/single-project/project-7/1920/project-7-4-1920.jpg]
[demo.themetorium.net/html/hektor/assets/img/portfolio/single-project/project-7/1200/project-7-3-1200.jpg]
[demo.themetorium.net/html/hektor/assets/img/portfolio/single-project/project-7/1920/project-7-5-1920.jpg]
[demo.themetorium.net/html/hektor/assets/img/portfolio/single-project/project-7/1200/project-7-4-1200.jpg]
[demo.themetorium.net/html/hektor/single-project-7.html]
[demo.themetorium.net/html/hektor/assets/img/portfolio/single-project/project-8/1920/project-8-1-1920.jpg]
[demo.themetorium.net/html/hektor/assets/img/portfolio/single-project/project-8/1920/project-8-2-1920.jpg]
[demo.themetorium.net/html/hektor/assets/img/portfolio/single-project/project-8/1200/project-8-1-1200.jpg]
[demo.themetorium.net/html/hektor/assets/img/portfolio/single-project/project-8/1920/project-8-3-1920.jpg]
[demo.themetorium.net/html/hektor/assets/img/portfolio/single-project/project-8/1200/project-8-2-1200.jpg]
[demo.themetorium.net/html/hektor/assets/img/portfolio/single-project/project-8/1920/project-8-4-1920.jpg]
[demo.themetorium.net/html/hektor/assets/img/portfolio/single-project/project-8/1200/project-8-3-1200.jpg]
[demo.themetorium.net/html/hektor/assets/img/portfolio/single-project/project-8/1920/project-8-5-1920.jpg]
[demo.themetorium.net/html/hektor/assets/img/portfolio/single-project/project-8/1200/project-8-4-1200.jpg]
[demo.themetorium.net/html/hektor/single-project-8.html]
[demo.themetorium.net/html/hektor/assets/img/portfolio/single-project/project-9/1920/project-9-1-1920.jpg]
[demo.themetorium.net/html/hektor/assets/img/portfolio/single-project/project-9/1920/project-9-2-1920.jpg]
[demo.themetorium.net/html/hektor/assets/img/portfolio/single-project/project-9/1200/project-9-1-1200.jpg]
[demo.themetorium.net/html/hektor/assets/img/portfolio/single-project/project-9/1200/project-9-2-1200.jpg]
[demo.themetorium.net/html/hektor/assets/img/portfolio/single-project/project-9/1200/project-9-3-1200.jpg]
[demo.themetorium.net/html/hektor/assets/img/portfolio/single-project/project-9/1200/project-9-4-1200.jpg]
[demo.themetorium.net/html/hektor/single-project-9.html]
[demo.themetorium.net/html/hektor/portfolio-category.html]
[demo.themetorium.net/html/hektor/assets/vids/video-misc/video-misc-1.jpg]
[demo.themetorium.net/html/hektor/assets/img/team/team-1.jpg]
[demo.themetorium.net/html/hektor/assets/img/team/team-2.jpg]
[demo.themetorium.net/html/hektor/assets/img/team/team-3.jpg]
[demo.themetorium.net/html/hektor/assets/img/team/team-4.jpg]
[demo.themetorium.net/html/hektor/assets/img/team/team-5.jpg]
[demo.themetorium.net/html/hektor/assets/img/clients/client-1-light.png]
[demo.themetorium.net/html/hektor/assets/img/clients/client-1-dark.png]
[demo.themetorium.net/html/hektor/assets/img/clients/client-2-light.png]
[demo.themetorium.net/html/hektor/assets/img/clients/client-2-dark.png]
[demo.themetorium.net/html/hektor/assets/img/clients/client-3-light.png]
[demo.themetorium.net/html/hektor/assets/img/clients/client-3-dark.png]
[demo.themetorium.net/html/hektor/assets/img/clients/client-4-light.png]
[demo.themetorium.net/html/hektor/assets/img/clients/client-4-dark.png]
[demo.themetorium.net/html/hektor/assets/img/clients/client-5-light.png]
[demo.themetorium.net/html/hektor/assets/img/clients/client-5-dark.png]
[demo.themetorium.net/html/hektor/assets/img/clients/client-6-light.png]
[demo.themetorium.net/html/hektor/assets/img/clients/client-6-dark.png]
[demo.themetorium.net/html/hektor/assets/img/clients/client-7-light.png]
[demo.themetorium.net/html/hektor/assets/img/clients/client-7-dark.png]
[demo.themetorium.net/html/hektor/assets/img/clients/client-8-light.png]
[demo.themetorium.net/html/hektor/assets/img/clients/client-8-dark.png]
[demo.themetorium.net/html/hektor/assets/img/clients/client-9-light.png]
[demo.themetorium.net/html/hektor/assets/img/clients/client-9-dark.png]
[demo.themetorium.net/html/hektor/assets/img/clients/client-10-light.png]
[demo.themetorium.net/html/hektor/assets/img/clients/client-10-dark.png]
[demo.themetorium.net/html/hektor/assets/img/clients/client-11-light.png]
[demo.themetorium.net/html/hektor/assets/img/clients/client-11-dark.png]
[demo.themetorium.net/html/hektor/assets/img/clients/client-12-light.png]
[demo.themetorium.net/html/hektor/assets/img/clients/client-12-dark.png]
[demo.themetorium.net/html/hektor/about-us.html]
[demo.themetorium.net/html/hektor/assets/img/misc/studio-1.jpg]
[demo.themetorium.net/html/hektor/assets/img/misc/studio-2.jpg]
[demo.themetorium.net/html/hektor/assets/img/misc/studio-3.jpg]
[demo.themetorium.net/html/hektor/assets/img/misc/studio-4.jpg]
[demo.themetorium.net/html/hektor/assets/img/misc/studio-5.jpg]
[demo.themetorium.net/html/hektor/assets/img/misc/studio-6.jpg]
[demo.themetorium.net/html/hektor/assets/img/misc/studio-7.jpg]
[demo.themetorium.net/html/hektor/assets/img/misc/studio-8.jpg]
[demo.themetorium.net/html/hektor/about-us-2.html]
[demo.themetorium.net/html/hektor/about-me.html]
[demo.themetorium.net/html/hektor/about-me-2.html]
[demo.themetorium.net/html/hektor/assets/css/blog.css]
[demo.themetorium.net/html/hektor/assets/img/blog/1200/blog-4-1200.jpg]
[demo.themetorium.net/html/hektor/assets/img/blog/1200/blog-1-1200.jpg]
[demo.themetorium.net/html/hektor/assets/img/blog/1200/blog-2-1200.jpg]
[demo.themetorium.net/html/hektor/assets/img/blog/1200/blog-3-1200.jpg]
[demo.themetorium.net/html/hektor/assets/img/blog/1200/blog-5-1200.jpg]
[demo.themetorium.net/html/hektor/blog.html]
[demo.themetorium.net/html/hektor/blog-sidebar.html]
[demo.themetorium.net/html/hektor/assets/img/blog/800/blog-4-800.jpg]
[demo.themetorium.net/html/hektor/assets/img/blog/800/blog-1-800.jpg]
[demo.themetorium.net/html/hektor/assets/img/blog/800/blog-2-800.jpg]
[demo.themetorium.net/html/hektor/assets/img/blog/800/blog-3-800.jpg]
[demo.themetorium.net/html/hektor/assets/img/blog/800/blog-5-800.jpg]
[demo.themetorium.net/html/hektor/blog-compact.html]
[demo.themetorium.net/html/hektor/assets/img/blog/1920/blog-4-1920.jpg]
[demo.themetorium.net/html/hektor/assets/img/blog/1200/blog-post-2-1200.jpg]
[demo.themetorium.net/html/hektor/assets/img/blog/1200/blog-post-3-1200.jpg]
[demo.themetorium.net/html/hektor/assets/img/blog/avatar.png]
[demo.themetorium.net/html/hektor/blog-post.html]
[demo.themetorium.net/html/hektor/blog-post-sidebar.html]
[demo.themetorium.net/html/hektor/blog-archive.html]
[demo.themetorium.net/html/hektor/contact.html]
[demo.themetorium.net/html/hektor/contact-simple.html]
[demo.themetorium.net/html/hektor/assets/img/misc/misc-4.jpg]
[demo.themetorium.net/html/hektor/services.html]
[demo.themetorium.net/html/hektor/services-2.html]
[demo.themetorium.net/html/hektor/pricing.html]
[demo.themetorium.net/html/hektor/testimonials.html]
[demo.themetorium.net/html/hektor/assets/img/misc/misc-1.jpg]
[demo.themetorium.net/html/hektor/dummy.html]
[demo.themetorium.net/html/hektor/assets/img/misc/misc-2.jpg]
[demo.themetorium.net/html/hektor/assets/img/misc/misc-3.jpg]
[demo.themetorium.net/html/hektor/dummy-2.html]
[demo.themetorium.net/html/hektor/dummy-3.html]
[demo.themetorium.net/html/hektor/faq.html]
[demo.themetorium.net/html/hektor/404.html]
[demo.themetorium.net/html/hektor/elements.html]
[demo.themetorium.net/html/hektor/elements-buttons.html]
[demo.themetorium.net/html/hektor/elements-forms.html]
[demo.themetorium.net/html/hektor/assets/img/dummy/1920/dummy-1920.jpg]
[demo.themetorium.net/html/hektor/assets/img/dummy/1200/dummy-1200.jpg]
[demo.themetorium.net/html/hektor/assets/img/dummy/1200/dummy-portrait-1-1200.jpg]
[demo.themetorium.net/html/hektor/assets/img/dummy/1200/dummy-portrait-1200.jpg]
[demo.themetorium.net/html/hektor/assets/img/dummy/1920/dummy-2-1920.jpg]
[demo.themetorium.net/html/hektor/assets/img/dummy/800/dummy-800.jpg]
[demo.themetorium.net/html/hektor/assets/img/dummy/1200/dummy-portrait-3-1200.jpg]
[demo.themetorium.net/html/hektor/assets/vids/video-dummy/video-dummy.mp4]
[demo.themetorium.net/html/hektor/assets/vids/video-dummy/video-dummy.jpg]
[demo.themetorium.net/html/hektor/assets/img/dummy/1920/dummy-1-1920.jpg]
[demo.themetorium.net/html/hektor/assets/img/dummy/1920/dummy-3-1920.jpg]
[demo.themetorium.net/html/hektor/assets/img/dummy/1920/dummy-7-1920.jpg]
[demo.themetorium.net/html/hektor/assets/img/dummy/1920/dummy-8-1920.jpg]
[demo.themetorium.net/html/hektor/assets/img/dummy/1920/dummy-9-1920.jpg]
[demo.themetorium.net/html/hektor/assets/img/dummy/1920/dummy-4-1920.jpg]
[demo.themetorium.net/html/hektor/assets/img/dummy/1920/dummy-5-1920.jpg]
[demo.themetorium.net/html/hektor/assets/img/dummy/1920/dummy-6-1920.jpg]
[demo.themetorium.net/html/hektor/elements-media.html]
[demo.themetorium.net/html/hektor/assets/img/misc/text-img-1.webp]
[demo.themetorium.net/html/hektor/assets/img/misc/text-img-4.jpg]
[demo.themetorium.net/html/hektor/assets/img/misc/text-img-5.jpg]
[demo.themetorium.net/html/hektor/assets/img/misc/text-img-6.jpg]
[demo.themetorium.net/html/hektor/assets/img/misc/text-img-7.jpg]
[demo.themetorium.net/html/hektor/elements-typography.html]
[demo.themetorium.net/html/hektor/assets/css/blog.css]
[demo.themetorium.net/html/hektor/assets/img/dummy.html]
